// Jest Snapshot v1, https://goo.gl/fbAQLP

exports[`matches snapshot 1`] = `
<DocumentFragment>
  <div>
    <h1>
      Todos
    </h1>
    <div>
      <div>
        <form>
          <label
            for="todo"
          >
            Add todo:
          </label>
          <input
            id="todo"
            name="todo"
            type="text"
            value=""
          />
          <button>
            Submit
          </button>
        </form>
      </div>
    </div>
    <div>
      <ul />
    </div>
  </div>
</DocumentFragment>
`;
